// Jest Snapshot v1, https://goo.gl/fbAQLP

exports[`ClearButton component renders 1`] = `
<button
  className="css-1p3tv29"
  onClick={[Function]}
  tabIndex={0}
>
  AC
</button>
`;
