// Jest Snapshot v1, https://goo.gl/fbAQLP

exports[`NumeralButton component renders 1`] = `null`;
